{
  "creationDate" : 1501672158000,
  "extractedContent" : "Lorem ipsum \n\nLorem ipsum dolor sit amet, consectetur adipiscing elit. Nunc ac faucibus odio. \n\nVestibulum neque massa, scelerisque sit amet ligula eu, congue molestie mi. Praesent ut varius sem. Nullam at porttitor arcu, nec lacinia nisi. Ut ac dolor vitae odio interdum condimentum. Vivamus dapibus sodales ex, vitae malesuada ipsum cursus convallis. Maecenas sed egestas nulla, ac condimentum orci. Mauris diam felis, vulputate ac suscipit et, iaculis non est. Curabitur semper arcu ac ligula semper, nec luctus nisl blandit. Integer lacinia ante ac libero lobortis imperdiet. Nullam mollis convallis ipsum, ac accumsan nunc vehicula vitae. Nulla eget justo in felis tristique fringilla. Morbi sit amet tortor quis risus auctor condimentum. Morbi in ullamcorper elit. Nulla iaculis tellus sit amet mauris tempus fringilla.\nMaecenas mauris lectus, lobortis et purus mattis, blandit dictum tellus.\n· Maecenas non lorem quis tellus placerat varius. \n· Nulla facilisi. \n· Aenean congue fringilla justo ut aliquam. \n· Mauris id ex erat. Nunc vulputate neque vitae justo facilisis, non condimentum ante sagittis. \n· Morbi viverra semper lorem nec molestie. \n· Maecenas tincidunt est efficitur ligula euismod, sit amet ornare est vulputate.\n\n\n\n\n\n\n\n\n\nIn non mauris justo. Duis vehicula mi vel mi pretium, a viverra erat efficitur. Cras aliquam est ac eros varius, id iaculis dui auctor. Duis pretium neque ligula, et pulvinar mi placerat et. Nulla nec nunc sit amet nunc posuere vestibulum. Ut id neque eget tortor mattis tristique. Donec ante est, blandit sit amet tristique vel, lacinia pulvinar arcu. Pellentesque scelerisque fermentum erat, id posuere justo pulvinar ut. Cras id eros sed enim aliquam lobortis. Sed lobortis nisl ut eros efficitur tincidunt. Cras justo mi, porttitor quis mattis vel, ultricies ut purus. Ut facilisis et lacus eu cursus.\nIn eleifend velit vitae libero sollicitudin euismod. Fusce vitae vestibulum velit. Pellentesque vulputate lectus quis pellentesque commodo. Aliquam erat volutpat. Vestibulum in egestas velit. Pellentesque fermentum nisl vitae fringilla venenatis. Etiam id mauris vitae orci maximus ultricies. \n\nCras fringilla ipsum magna, in fringilla dui commodo a.\n\n\t\n\tLorem ipsum\n\tLorem ipsum\n\tLorem ipsum\n\n\t1\n\tIn eleifend velit vitae libero sollicitudin euismod.\n\tLorem\n\t\n\n\t2\n\tCras fringilla ipsum magna, in fringilla dui commodo a.\n\tIpsum\n\t\n\n\t3\n\tAliquam erat volutpat. \n\tLorem\n\t\n\n\t4\n\tFusce vitae vestibulum velit. \n\tLorem\n\t\n\n\t5\n\tEtiam vehicula luctus fermentum.\n\tIpsum\n\t\n\n\n\nEtiam vehicula luctus fermentum. In vel metus congue, pulvinar lectus vel, fermentum dui. Maecenas ante orci, egestas ut aliquet sit amet, sagittis a magna. Aliquam ante quam, pellentesque ut dignissim quis, laoreet eget est. Aliquam erat volutpat. Class aptent taciti sociosqu ad litora torquent per conubia nostra, per inceptos himenaeos. Ut ullamcorper justo sapien, in cursus libero viverra eget. Vivamus auctor imperdiet urna, at pulvinar leo posuere laoreet. Suspendisse neque nisl, fringilla at iaculis scelerisque, ornare vel dolor. Ut et pulvinar nunc. Pellentesque fringilla mollis efficitur. Nullam venenatis commodo imperdiet. Morbi velit neque, semper quis lorem quis, efficitur dignissim ipsum. Ut ac lorem sed turpis imperdiet eleifend sit amet id sapien.\n\n\nLorem ipsum dolor sit amet, consectetur adipiscing elit. \n\nNunc ac faucibus odio. Vestibulum neque massa, scelerisque sit amet ligula eu, congue molestie mi. Praesent ut varius sem. Nullam at porttitor arcu, nec lacinia nisi. Ut ac dolor vitae odio interdum condimentum. Vivamus dapibus sodales ex, vitae malesuada ipsum cursus convallis. Maecenas sed egestas nulla, ac condimentum orci. Mauris diam felis, vulputate ac suscipit et, iaculis non est. Curabitur semper arcu ac ligula semper, nec luctus nisl blandit. Integer lacinia ante ac libero lobortis imperdiet. Nullam mollis convallis ipsum, ac accumsan nunc vehicula vitae. Nulla eget justo in felis tristique fringilla. Morbi sit amet tortor quis risus auctor condimentum. Morbi in ullamcorper elit. Nulla iaculis tellus sit amet mauris tempus fringilla.\nMaecenas mauris lectus, lobortis et purus mattis, blandit dictum tellus. \nMaecenas non lorem quis tellus placerat varius. Nulla facilisi. Aenean congue fringilla justo ut aliquam. Mauris id ex erat. Nunc vulputate neque vitae justo facilisis, non condimentum ante sagittis. Morbi viverra semper lorem nec molestie. Maecenas tincidunt est efficitur ligula euismod, sit amet ornare est vulputate.\nIn non mauris justo. Duis vehicula mi vel mi pretium, a viverra erat efficitur. Cras aliquam est ac eros varius, id iaculis dui auctor. Duis pretium neque ligula, et pulvinar mi placerat et. Nulla nec nunc sit amet nunc posuere vestibulum. Ut id neque eget tortor mattis tristique. Donec ante est, blandit sit amet tristique vel, lacinia pulvinar arcu. Pellentesque scelerisque fermentum erat, id posuere justo pulvinar ut. Cras id eros sed enim aliquam lobortis. Sed lobortis nisl ut eros efficitur tincidunt. Cras justo mi, porttitor quis mattis vel, ultricies ut purus. Ut facilisis et lacus eu cursus.\nIn eleifend velit vitae libero sollicitudin euismod. \nFusce vitae vestibulum velit. Pellentesque vulputate lectus quis pellentesque commodo. Aliquam erat volutpat. Vestibulum in egestas velit. Pellentesque fermentum nisl vitae fringilla venenatis. Etiam id mauris vitae orci maximus ultricies. Cras fringilla ipsum magna, in fringilla dui commodo a.\nEtiam vehicula luctus fermentum. In vel metus congue, pulvinar lectus vel, fermentum dui. Maecenas ante orci, egestas ut aliquet sit amet, sagittis a magna. Aliquam ante quam, pellentesque ut dignissim quis, laoreet eget est. Aliquam erat volutpat. Class aptent taciti sociosqu ad litora torquent per conubia nostra, per inceptos himenaeos. Ut ullamcorper justo sapien, in cursus libero viverra eget. Vivamus auctor imperdiet urna, at pulvinar leo posuere laoreet. Suspendisse neque nisl, fringilla at iaculis scelerisque, ornare vel dolor. Ut et pulvinar nunc. Pellentesque fringilla mollis efficitur. Nullam venenatis commodo imperdiet. Morbi velit neque, semper quis lorem quis, efficitur dignissim ipsum. Ut ac lorem sed turpis imperdiet eleifend sit amet id sapien.\n\n\nColumn 1\tRow 1\tRow 2\tRow 3\tRow 4\t9.1\t2.4\t3.1\t4.3\tColumn 2\tRow 1\tRow 2\tRow 3\tRow 4\t3.2\t8.8\t1.5\t9.02\tColumn 3\tRow 1\tRow 2\tRow 3\tRow 4\t4.54\t9.65\t3.7\t6.2\timage1.jpeg\n\n"
}