{
  "creationDate" : 1501753833000,
  "lastModificationDate" : 1501838873000,
  "extractedContent" : "\t0\n\tFirst Name\n\tLast Name\n\tGender\n\tCountry\n\tAge\n\tDate\n\tId\n\t\n\t1\n\tDulce\n\tAbril\n\tFemale\n\tUnited States\n\t32\n\t15/10/2017\n\t1562\n\t\n\t2\n\tMara\n\tHashimoto\n\tFemale\n\tGreat Britain\n\t25\n\t16/08/2016\n\t1582\n\t\n\t3\n\tPhilip\n\tGent\n\tMale\n\tFrance\n\t36\n\t21/05/2015\n\t2587\n\t\n\t4\n\tKathleen\n\tHanner\n\tFemale\n\tUnited States\n\t25\n\t15/10/2017\n\t3549\n\t\n\t5\n\tNereida\n\tMagwood\n\tFemale\n\tUnited States\n\t58\n\t16/08/2016\n\t2468\n\t\n\t6\n\tGaston\n\tBrumm\n\tMale\n\tUnited States\n\t24\n\t21/05/2015\n\t2554\n\t\n\t7\n\tEtta\n\tHurn\n\tFemale\n\tGreat Britain\n\t56\n\t15/10/2017\n\t3598\n\t\n\t8\n\tEarlean\n\tMelgar\n\tFemale\n\tUnited States\n\t27\n\t16/08/2016\n\t2456\n\t\n\t9\n\tVincenza\n\tWeiland\n\tFemale\n\tUnited States\n\t40\n\t21/05/2015\n\t6548\n\t\n\t\n\t\n\t\n\n???\nPage \n??? (???)\n00/00/0000, 00:00:00\nPage  / \n???\n???\nPage \nPage \n"
}