{
  "lastModificationDate" : 1506332388000,
  "extractedContent" : "Lorem ipsum\nLorem ipsum dolor sit amet, consectetur adipiscing elit. Nunc ac faucibus odio. Vestibulum neque massa, scelerisque sit amet ligula eu, congue molestie mi. Praesent ut varius sem. Nullam at porttitor arcu, nec lacinia nisi. Ut ac dolor vitae odio interdum condimentum. Vivamus dapibus sodales ex, vitae malesuada ipsum cursus convallis. Maecenas sed egestas nulla, ac condimentum orci. Mauris diam felis, vulputate ac suscipit et, iaculis non est. Curabitur semper arcu ac ligula semper, nec luctus nisl blandit. Integer lacinia ante ac libero lobortis imperdiet. Nullam mollis convallis ipsum, ac accumsan nunc vehicula vitae. Nulla eget justo in felis tristique fringilla. Morbi sit amet tortor quis risus auctor condimentum. Morbi in ullamcorper elit. Nulla iaculis tellus sit amet mauris tempus fringilla.\n\nMaecenas mauris lectus, lobortis et purus mattis, blandit dictum tellus. Maecenas non lorem quis tellus placerat varius. Nulla facilisi. Aenean congue fringilla justo ut aliquam. Mauris id ex erat. Nunc vulputate neque vitae justo facilisis, non condimentum ante sagittis. Morbi viverra semper lorem nec molestie. Maecenas tincidunt est efficitur ligula euismod, sit amet ornare est vulputate.\n\n\nChart\n\nTable\n\tColumn 1\n\tColumn 2\n\tColumn 3\n\tColumn 4\n\tColumn 5\n\n\n\t\t\t\t\t\n\t\t\t\t\t\n\t\t\t\t\t\n\t\t\t\t\t\n\t\t\t\t\t\n\t\t\t\t\t\n\t\t\t\t\t\n\t\t\t\t\t\n\t\t\t\t\t\n\n\n\n\n\n\n\n\n\n\n\n\n\n\n\n\n\n\n\n\n\n\n\n\n\n\n\n\n\n\n\n\n\n\n\t\n\tColumn 1\n\tColumn 2\n\tColumn 3\n\n\tRow 1\n\t9.1\n\t3.2\n\t4.54\n\n\tRow 2\n\t2.4\n\t8.8\n\t9.65\n\n\tRow 3\n\t3.1\n\t1.5\n\t3.7\n\n\tRow 4\n\t4.3\n\t9.02\n\t6.2\n\n\n"
}