{
  "creationDate" : 1501753833000,
  "lastModificationDate" : 1501838873000,
  "extractedContent" : "Sheet1\n\t0\tFirst Name\tLast Name\tGender\tCountry\tAge\tDate\tId\n\t1\tDulce\tAbril\tFemale\tUnited States\t32\t15/10/2017\t1562\n\t2\tMara\tHashimoto\tFemale\tGreat Britain\t25\t16/08/2016\t1582\n\t3\tPhilip\tGent\tMale\tFrance\t36\t21/05/2015\t2587\n\t4\tKathleen\tHanner\tFemale\tUnited States\t25\t15/10/2017\t3549\n\t5\tNereida\tMagwood\tFemale\tUnited States\t58\t16/08/2016\t2468\n\t6\tGaston\tBrumm\tMale\tUnited States\t24\t21/05/2015\t2554\n\t7\tEtta\tHurn\tFemale\tGreat Britain\t56\t15/10/2017\t3598\n\t8\tEarlean\tMelgar\tFemale\tUnited States\t27\t16/08/2016\t2456\n\t9\tVincenza\tWeiland\tFemale\tUnited States\t40\t21/05/2015\t6548\n\n&C&\"Times New Roman,Regular\"&12&A\n&C&\"Times New Roman,Regular\"&12Page &P\n\n"
}