{
  "creationDate" : 1502887453000,
  "extractedContent" : "\nLorem ipsum \n\nLorem ipsum dolor sit amet, consectetur adipiscing \nelit. Nunc ac faucibus odio. \n\nVestibulum neque massa, scelerisque sit amet ligula eu, congue molestie mi. Praesent ut\nvarius  sem.  Nullam at  porttitor  arcu,  nec lacinia  nisi.  Ut  ac  dolor  vitae odio  interdum\ncondimentum.  Vivamus  dapibus  sodales  ex,  vitae  malesuada  ipsum  cursus\nconvallis. Maecenas sed egestas nulla, ac condimentum orci.  Mauris diam felis,\nvulputate ac suscipit et, iaculis non est. Curabitur semper arcu ac ligula semper, nec luctus\nnisl blandit. Integer lacinia ante ac libero lobortis imperdiet. Nullam mollis convallis ipsum,\nac accumsan nunc vehicula vitae. Nulla eget justo in felis tristique fringilla. Morbi sit amet\ntortor quis risus auctor condimentum. Morbi in ullamcorper elit. Nulla iaculis tellus sit amet\nmauris tempus fringilla.\n\nMaecenas mauris lectus, lobortis et purus mattis, blandit dictum tellus.\n\n Maecenas non lorem quis tellus placerat varius. \n\n Nulla facilisi. \n\n Aenean congue fringilla justo ut aliquam. \n\n Mauris id ex erat. Nunc vulputate neque vitae justo facilisis, non condimentum ante\n\nsagittis. \n\n Morbi viverra semper lorem nec molestie. \n\n Maecenas tincidunt est efficitur ligula euismod, sit amet ornare est vulputate.\n\nRow 1 Row 2 Row 3 Row 4\n0\n\n2\n\n4\n\n6\n\n8\n\n10\n\n12\n\nColumn 1\n\nColumn 2\n\nColumn 3\n\nhttps://products.office.com/en-us/word\n\n\nIn non mauris justo. Duis vehicula mi vel mi pretium, a viverra erat efficitur. Cras aliquam\nest ac eros varius, id iaculis dui auctor. Duis pretium neque ligula, et pulvinar mi placerat\net.  Nulla  nec  nunc  sit  amet  nunc  posuere  vestibulum.  Ut  id  neque eget  tortor  mattis\ntristique. Donec ante est, blandit sit amet tristique vel, lacinia pulvinar arcu. Pellentesque\nscelerisque fermentum erat, id posuere justo pulvinar ut. Cras id eros sed enim aliquam\nlobortis. Sed lobortis nisl ut eros efficitur tincidunt. Cras justo mi, porttitor quis mattis vel,\nultricies ut purus. Ut facilisis et lacus eu cursus.\n\nIn eleifend velit vitae libero sollicitudin euismod. Fusce vitae vestibulum velit. Pellentesque\nvulputate lectus quis pellentesque commodo. Aliquam erat volutpat. Vestibulum in egestas\nvelit.  Pellentesque  fermentum nisl  vitae  fringilla  venenatis.  Etiam id  mauris  vitae  orci\nmaximus ultricies. \n\nCras fringilla ipsum magna, in fringilla dui commodo \na.\n\nLorem ipsum Lorem ipsum Lorem ipsum\n\n1 In eleifend velit vitae libero sollicitudin euismod. Lorem\n\n2 Cras fringilla ipsum magna, in fringilla dui commodo\na.\n\nIpsum\n\n3 Aliquam erat volutpat. Lorem\n\n4 Fusce vitae vestibulum velit. Lorem\n\n5 Etiam vehicula luctus fermentum. Ipsum\n\nEtiam vehicula luctus fermentum. In vel metus congue, pulvinar lectus vel, fermentum dui.\nMaecenas ante orci, egestas ut aliquet sit amet, sagittis a magna. Aliquam ante quam,\npellentesque ut dignissim quis, laoreet eget est. Aliquam erat volutpat. Class aptent taciti\nsociosqu ad litora torquent per conubia nostra, per inceptos himenaeos. Ut ullamcorper\njusto sapien, in cursus libero viverra eget. Vivamus auctor imperdiet urna, at pulvinar leo\nposuere laoreet. Suspendisse neque nisl, fringilla at iaculis scelerisque, ornare vel dolor. Ut\net  pulvinar  nunc.  Pellentesque  fringilla  mollis  efficitur.  Nullam  venenatis  commodo\nimperdiet. Morbi velit neque, semper quis lorem quis, efficitur dignissim ipsum. Ut ac lorem\nsed turpis imperdiet eleifend sit amet id sapien.\n\n\n\nLorem ipsum dolor sit amet, consectetur adipiscing \nelit. \n\nNunc ac faucibus odio. Vestibulum neque massa, scelerisque sit amet ligula eu, congue\nmolestie mi. Praesent ut varius sem. Nullam at porttitor arcu, nec lacinia nisi. Ut ac dolor\nvitae odio interdum condimentum. Vivamus dapibus sodales ex, vitae malesuada ipsum\ncursus convallis.  Maecenas sed egestas nulla,  ac condimentum orci.  Mauris  diam felis,\nvulputate ac suscipit et, iaculis non est. Curabitur semper arcu ac ligula semper, nec luctus\nnisl blandit. Integer lacinia ante ac libero lobortis imperdiet. Nullam mollis convallis ipsum,\nac accumsan nunc vehicula vitae. Nulla eget justo in felis tristique fringilla. Morbi sit amet\ntortor quis risus auctor condimentum. Morbi in ullamcorper elit. Nulla iaculis tellus sit amet\nmauris tempus fringilla.\n\nMaecenas mauris lectus, lobortis et purus mattis, blandit \ndictum tellus. \n\nMaecenas non lorem quis tellus placerat varius. Nulla facilisi. Aenean congue fringilla justo\nut aliquam. Mauris id ex erat. Nunc vulputate neque vitae justo facilisis, non condimentum\nante sagittis. Morbi viverra semper lorem nec molestie. Maecenas tincidunt est efficitur\nligula euismod, sit amet ornare est vulputate.\n\nIn non mauris justo. Duis vehicula mi vel mi pretium, a viverra erat efficitur. Cras aliquam\nest ac eros varius, id iaculis dui auctor. Duis pretium neque ligula, et pulvinar mi placerat\net.  Nulla  nec  nunc  sit  amet  nunc  posuere  vestibulum.  Ut  id  neque eget  tortor  mattis\ntristique. Donec ante est, blandit sit amet tristique vel, lacinia pulvinar arcu. Pellentesque\nscelerisque fermentum erat, id posuere justo pulvinar ut. Cras id eros sed enim aliquam\nlobortis. Sed lobortis nisl ut eros efficitur tincidunt. Cras justo mi, porttitor quis mattis vel,\nultricies ut purus. Ut facilisis et lacus eu cursus.\n\nIn eleifend velit vitae libero sollicitudin euismod. \nFusce vitae vestibulum velit. Pellentesque vulputate lectus quis pellentesque commodo.\nAliquam erat  volutpat.  Vestibulum in  egestas  velit.  Pellentesque  fermentum nisl  vitae\nfringilla  venenatis.  Etiam  id  mauris  vitae  orci  maximus  ultricies.  Cras  fringilla  ipsum\nmagna, in fringilla dui commodo a.\n\nEtiam vehicula luctus fermentum. In vel metus congue, pulvinar lectus vel, fermentum dui.\nMaecenas ante orci, egestas ut aliquet sit amet, sagittis a magna. Aliquam ante quam,\npellentesque ut dignissim quis, laoreet eget est. Aliquam erat volutpat. Class aptent taciti\nsociosqu ad litora torquent per conubia nostra, per inceptos himenaeos. Ut ullamcorper\njusto sapien, in cursus libero viverra eget. Vivamus auctor imperdiet urna, at pulvinar leo\nposuere laoreet. Suspendisse neque nisl, fringilla at iaculis scelerisque, ornare vel dolor. Ut\net  pulvinar  nunc.  Pellentesque  fringilla  mollis  efficitur.  Nullam  venenatis  commodo\nimperdiet. Morbi velit neque, semper quis lorem quis, efficitur dignissim ipsum. Ut ac lorem\nsed turpis imperdiet eleifend sit amet id sapien.\n\n\n\n\n\tLorem ipsum dolor sit amet, consectetur adipiscing elit. Nunc ac faucibus odio.\n\tCras fringilla ipsum magna, in fringilla dui commodo a.\n\tLorem ipsum dolor sit amet, consectetur adipiscing elit.\n\tMaecenas mauris lectus, lobortis et purus mattis, blandit dictum tellus.\n\tIn eleifend velit vitae libero sollicitudin euismod.\n\n\n"
}