{
  "title" : "PDF Metadata Sample",
  "description" : "Test Document",
  "creationDate" : 1440146541000,
  "lastModificationDate" : 1440146731000,
  "extractedContent" : "\nVideo provides a powerful way to help you prove your point. When you click Online Video, you can \npaste in the embed code for the video you want to add. You can also type a keyword to search \nonline for the video that best fits your document. To make your document look professionally \nproduced, Word provides header, footer, cover page, and text box designs that complement each \nother. For example, you can add a matching cover page, header, and sidebar. \n\nClick Insert and then choose the elements you want from the different galleries. Themes and styles \nalso help keep your document coordinated. When you click Design and choose a new Theme, the \npictures, charts, and SmartArt graphics change to match your new theme. When you apply styles, \nyour headings change to match the new theme. Save time in Word with new buttons that show up \nwhere you need them. \n\nTo change the way a picture fits in your document, click it and a button for layout options appears \nnext to it. When you work on a table, click where you want to add a row or a column, and then click \nthe plus sign. Reading is easier, too, in the new Reading view. You can collapse parts of the \ndocument and focus on the text you want. If you need to stop reading before you reach the end, \nWord remembers where you left off - even on another device. \n\nVideo provides a powerful way to help you prove your point. When you click Online Video, you can \npaste in the embed code for the video you want to add. You can also type a keyword to search \nonline for the video that best fits your document. To make your document look professionally \nproduced, Word provides header, footer, cover page, and text box designs that complement each \nother. For example, you can add a matching cover page, header, and sidebar. \n\nClick Insert and then choose the elements you want from the different galleries. Themes and styles \nalso help keep your document coordinated. When you click Design and choose a new Theme, the \npictures, charts, and SmartArt graphics change to match your new theme. When you apply styles, \nyour headings change to match the new theme. Save time in Word with new buttons that show up \nwhere you need them. \n\n \n\n\n"
}