{
  "title" : "Sample PowerPoint File",
  "creationDate" : 1241647569000,
  "lastModificationDate" : 1241648010000,
  "extractedContent" : "Sample PowerPoint File St. Cloud Technical College This is a Sample Slide Here is an outline of bulleted points You can print out PPT files as handouts using the PRINT > PRINT WHAT > HANDOUTS option image2.jpeg image1.jpeg "
}